// Jest Snapshot v1, https://goo.gl/fbAQLP

exports[`Psycho Active Substance Screen Component should render component correctly 1`] = `
<RNCSafeAreaView
  edges={
    {
      "bottom": "additive",
      "left": "additive",
      "right": "additive",
      "top": "additive",
    }
  }
  style={
    {
      "backgroundColor": "#ECFEFF",
      "flexBasis": 0,
      "flexDirection": "column",
      "flexGrow": 1,
      "flexShrink": 1,
      "justifyContent": "space-between",
      "paddingBottom": 50,
      "paddingLeft": 30,
      "paddingRight": 30,
      "paddingTop": 35,
    }
  }
>
  <RCTScrollView
    keyboardShouldPersistTaps="always"
    showsHorizontalScrollIndicator={false}
    showsVerticalScrollIndicator={false}
    style={
      {
        "flexBasis": 0,
        "flexGrow": 1,
        "flexShrink": 1,
      }
    }
  >
    <View>
      <Image
        source={
          {
            "testUri": "../../../src/assets/robot.png",
          }
        }
        style={
          {
            "marginBottom": 20,
            "marginLeft": "auto",
            "marginRight": "auto",
            "marginTop": 20,
          }
        }
      />
      <Text
        center={true}
        color="gray"
        size="large"
        style={
          [
            {
              "color": "#717171",
              "display": "flex",
              "fontFamily": "Quicksand-SemiBold",
              "fontSize": 24,
              "fontWeight": "600",
              "lineHeight": 30,
              "textAlign": "center",
            },
            {
              "marginBottom": 25,
            },
          ]
        }
        testId="text-component"
        type="title"
      >
        Você fez uso de álcool?
      </Text>
      <Text
        center={true}
        color="gray"
        size="small"
        style={
          [
            {
              "color": "#717171",
              "display": "flex",
              "fontFamily": "Quicksand-Regular",
              "fontSize": 14,
              "fontWeight": "400",
              "lineHeight": 20,
              "textAlign": "center",
            },
            {
              "marginBottom": 20,
            },
          ]
        }
        testId="text-component"
        type="text"
      >
        <Text
          color="gray"
          size="small"
          style={
            [
              {
                "color": "#717171",
                "display": "flex",
                "fontFamily": "Quicksand-Regular",
                "fontSize": 14,
                "fontWeight": "400",
                "lineHeight": 20,
              },
              {},
            ]
          }
          testId="text-component"
          type="text"
        >
          Esta é uma das perguntas mais importantes para a sua jornada, ok?
        </Text>
      </Text>
      <View
        style={
          {
            "alignItems": "flex-start",
            "display": "flex",
            "flexDirection": "column",
            "justifyContent": "center",
          }
        }
      >
        <View
          accessibilityState={
            {
              "busy": undefined,
              "checked": undefined,
              "disabled": undefined,
              "expanded": undefined,
              "selected": undefined,
            }
          }
          accessibilityValue={
            {
              "max": undefined,
              "min": undefined,
              "now": undefined,
              "text": undefined,
            }
          }
          accessible={true}
          collapsable={false}
          focusable={true}
          onClick={[Function]}
          onResponderGrant={[Function]}
          onResponderMove={[Function]}
          onResponderRelease={[Function]}
          onResponderTerminate={[Function]}
          onResponderTerminationRequest={[Function]}
          onStartShouldSetResponder={[Function]}
          style={
            {
              "alignItens": "center",
              "borderBottomLeftRadius": 7,
              "borderBottomRightRadius": 7,
              "borderTopLeftRadius": 7,
              "borderTopRightRadius": 7,
              "color": "#717171",
              "display": "flex",
              "flexDirection": "row",
              "fontSize": 14,
              "justifyContent": "space-evenly",
              "lineHeight": 20,
              "opacity": 1,
              "paddingBottom": 0,
              "paddingLeft": 0,
              "paddingRight": 0,
              "paddingTop": 0,
              "width": "auto",
            }
          }
        />
        <View
          accessibilityState={
            {
              "busy": undefined,
              "checked": undefined,
              "disabled": undefined,
              "expanded": undefined,
              "selected": undefined,
            }
          }
          accessibilityValue={
            {
              "max": undefined,
              "min": undefined,
              "now": undefined,
              "text": undefined,
            }
          }
          accessible={true}
          collapsable={false}
          focusable={true}
          onClick={[Function]}
          onResponderGrant={[Function]}
          onResponderMove={[Function]}
          onResponderRelease={[Function]}
          onResponderTerminate={[Function]}
          onResponderTerminationRequest={[Function]}
          onStartShouldSetResponder={[Function]}
          style={
            {
              "alignItens": "center",
              "borderBottomLeftRadius": 7,
              "borderBottomRightRadius": 7,
              "borderTopLeftRadius": 7,
              "borderTopRightRadius": 7,
              "color": "#717171",
              "display": "flex",
              "flexDirection": "row",
              "fontSize": 14,
              "justifyContent": "space-evenly",
              "lineHeight": 20,
              "opacity": 1,
              "paddingBottom": 0,
              "paddingLeft": 0,
              "paddingRight": 0,
              "paddingTop": 0,
              "width": "auto",
            }
          }
        />
      </View>
      <View
        accessibilityState={
          {
            "busy": undefined,
            "checked": undefined,
            "disabled": undefined,
            "expanded": undefined,
            "selected": undefined,
          }
        }
        accessibilityValue={
          {
            "max": undefined,
            "min": undefined,
            "now": undefined,
            "text": undefined,
          }
        }
        accessible={true}
        collapsable={false}
        focusable={true}
        onClick={[Function]}
        onResponderGrant={[Function]}
        onResponderMove={[Function]}
        onResponderRelease={[Function]}
        onResponderTerminate={[Function]}
        onResponderTerminationRequest={[Function]}
        onStartShouldSetResponder={[Function]}
        style={
          {
            "alignItems": "center",
            "backgroundColor": "#ffffff",
            "borderBottomLeftRadius": 10,
            "borderBottomRightRadius": 10,
            "borderTopLeftRadius": 10,
            "borderTopRightRadius": 10,
            "flexDirection": "row",
            "justifyContent": "space-between",
            "marginBottom": 0,
            "marginLeft": 0,
            "marginRight": 0,
            "marginTop": 20,
            "opacity": 1,
            "paddingBottom": 15,
            "paddingLeft": 20,
            "paddingRight": 20,
            "paddingTop": 15,
            "width": "100%",
          }
        }
      >
        <Text
          color="lightDanger"
          size="small"
          style={
            [
              {
                "color": "#E53E5E",
                "display": "flex",
                "fontFamily": "Quicksand-SemiBold",
                "fontSize": 14,
                "fontWeight": "600",
                "lineHeight": 20,
              },
              {},
            ]
          }
          testId="text-component"
          type="title"
        />
        MockedIcon({"filled":false,"name":"calendar-days","size":24,"color":"#E53E5E","iconStyle":"solid","style":{}})
      </View>
      <View
        accessibilityState={
          {
            "busy": undefined,
            "checked": undefined,
            "disabled": undefined,
            "expanded": undefined,
            "selected": undefined,
          }
        }
        accessibilityValue={
          {
            "max": undefined,
            "min": undefined,
            "now": undefined,
            "text": undefined,
          }
        }
        accessible={true}
        collapsable={false}
        focusable={true}
        onClick={[Function]}
        onResponderGrant={[Function]}
        onResponderMove={[Function]}
        onResponderRelease={[Function]}
        onResponderTerminate={[Function]}
        onResponderTerminationRequest={[Function]}
        onStartShouldSetResponder={[Function]}
        style={
          {
            "alignItens": "center",
            "borderBottomLeftRadius": 7,
            "borderBottomRightRadius": 7,
            "borderTopLeftRadius": 7,
            "borderTopRightRadius": 7,
            "color": "#717171",
            "display": "flex",
            "flexDirection": "row",
            "fontSize": 14,
            "justifyContent": "space-evenly",
            "lineHeight": 20,
            "opacity": 0.5,
            "paddingBottom": 0,
            "paddingLeft": 0,
            "paddingRight": 0,
            "paddingTop": 0,
            "width": "auto",
          }
        }
      />
    </View>
  </RCTScrollView>
</RNCSafeAreaView>
`;
