// Jest Snapshot v1, https://goo.gl/fbAQLP

exports[`Supporter Home Screen Component should render component correctly 1`] = `null`;
