// Jest Snapshot v1, https://goo.gl/fbAQLP

exports[`User Home Screen Component should render component correctly 1`] = `null`;
