// Jest Snapshot v1, https://goo.gl/fbAQLP

exports[`LogoStateGovernment Component should render component correctly 1`] = `
<Image
  source={
    {
      "testUri": "../../../src/assets/sp.png",
    }
  }
  style={
    {
      "height": 56,
      "width": 316,
    }
  }
/>
`;
